// Jest Snapshot v1, https://goo.gl/fbAQLP

exports[`Legend tests matches snapshot 1`] = `
<div
  className="legendContents"
  data-testid="legend-box"
>
  <div
    className="legendTitle"
  >
    Precipitation [mm/h]
  </div>
  <div
    className="legendContainer"
  >
    <div
      className="legend"
    >
      <div
        className="gradient-container"
        id="gradient1container"
      >
        <div
          className="gradient-part"
          id="gradient1"
        />
        <div
          className="legend-value"
        >
          <p>
            0.1
          </p>
          <i>
            light
          </i>
        </div>
      </div>
      <div
        className="gradient-container"
        id="gradient2container"
      >
        <div
          className="gradient-part"
          id="gradient2"
        />
      </div>
      <div
        className="gradient-container"
        id="gradient3container"
      >
        <div
          className="gradient-part"
          id="gradient3"
        />
        <div
          className="legend-value"
        >
          <p>
            1
          </p>
          <i
            className="innerRainDescription"
          >
            moderate
          </i>
        </div>
      </div>
      <div
        className="gradient-container"
        id="gradient4container"
      >
        <div
          className="gradient-part"
          id="gradient4"
        />
        <div
          className="double-text-div"
        >
          <div
            className="legend-value"
            id="left-value"
          >
            <p>
              10
            </p>
            <i
              className="innerRainDescription"
            >
              heavy
            </i>
          </div>
          <div
            className="legend-value"
            id="right-value"
          >
            <p>
              &gt;100
            </p>
            <i>
              extreme
            </i>
          </div>
        </div>
      </div>
    </div>
  </div>
</div>
`;
